// Jest Snapshot v1, https://goo.gl/fbAQLP

exports[`Pokemon Image Component debe de hacer match con el snaptshot 1`] = `<div class="pokemon-container"><img src="https://raw.githubusercontent.com/PokeAPI/sprites/master/sprites/pokemon/other/dream-world/1.svg" class="hidden-pokemon" alt="pokemon img"></div>`;
